============================= test session starts =============================
platform win32 -- Python 3.11.9, pytest-9.0.1, pluggy-1.6.0
rootdir: C:\Users\Lenovo\Downloads\kasparo agentic ai\kasparro-agentic-fb-analyst-tejdeep-gurramkonda
plugins: anyio-4.12.0
collected 0 items / 1 error

=================================== ERRORS ====================================
__________________ ERROR collecting tests/test_evaluator.py ___________________
ImportError while importing test module 'C:\Users\Lenovo\Downloads\kasparo agentic ai\kasparro-agentic-fb-analyst-tejdeep-gurramkonda\tests\test_evaluator.py'.
Hint: make sure your test modules/packages have valid Python names.
Traceback:
C:\Program Files\WindowsApps\PythonSoftwareFoundation.Python.3.11_3.11.2544.0_x64__qbz5n2kfra8p0\Lib\importlib\__init__.py:126: in import_module
    return _bootstrap._gcd_import(name[level:], package, level)
           ^^^^^^^^^^^^^^^^^^^^^^^^^^^^^^^^^^^^^^^^^^^^^^^^^^^^
tests\test_evaluator.py:2: in <module>
    from src.agents.evaluator_agent import EvaluatorAgent
E   ModuleNotFoundError: No module named 'src'
=========================== short test summary info ===========================
ERROR tests/test_evaluator.py
!!!!!!!!!!!!!!!!!!! Interrupted: 1 error during collection !!!!!!!!!!!!!!!!!!!!
============================== 1 error in 0.18s ===============================
